// Jest Snapshot v1, https://goo.gl/fbAQLP

exports[`Currency display container Confirm that the currency display renders correctly 1`] = `<fetchCountries />`;
